2026-03-28T08:28:33.066Z INFO Is remote: false
2026-03-28T08:28:33.069Z INFO Starting Local. Installation path: c:\Users\rabik\Downloads
2026-03-28T08:28:33.070Z INFO [MainProvider] Creating new MainProvider instance...
2026-03-28T08:28:33.072Z INFO [TabsManager] Code view listener set up at initialization
2026-03-28T08:28:33.074Z INFO Installation path exists: c:\Users\rabik\Downloads
2026-03-28T08:28:33.075Z INFO Initializing database with URL: file:c:\Users\rabik\Downloads\pythagora-core\data\database\pythagora.db
2026-03-28T08:28:33.080Z INFO Database file exists, skipping prisma generate/push for faster startup
2026-03-28T08:28:33.082Z INFO Database initialized successfully
2026-03-28T08:28:33.084Z INFO [Migration] Checking for database migration...
2026-03-28T08:28:33.229Z INFO [Migration] No migration needed
2026-03-28T08:29:30.178Z INFO [TabsManager] First file opened, triggering split view
2026-03-28T08:29:30.183Z INFO [MainProvider] First file opened, creating split view
2026-03-28T08:43:39.192Z INFO [TabsManager] First file opened, triggering split view
2026-03-28T08:43:39.193Z INFO [MainProvider] First file opened, creating split view
2026-03-28T08:53:44.312Z INFO [TabsManager] First file opened, triggering split view
2026-03-28T08:53:44.314Z INFO [MainProvider] First file opened, creating split view
2026-03-28T08:56:04.972Z INFO [TabsManager] First file opened, triggering split view
2026-03-28T08:56:04.972Z INFO [MainProvider] First file opened, creating split view
2026-03-28T11:15:37.359Z INFO Closing entire Pythagora extension...
2026-03-28T11:15:37.379Z ERROR Error closing extension
Error: Canceled
Stack: Canceled: Canceled
	at new aI (file:///c:/Users/rabik/AppData/Local/Programs/Microsoft%20VS%20Code/ce099c1ed2/resources/app/out/vs/workbench/api/node/extensionHostProcess.js:407:147949)
	at r._remoteCall (file:///c:/Users/rabik/AppData/Local/Programs/Microsoft%20VS%20Code/ce099c1ed2/resources/app/out/vs/workbench/api/node/extensionHostProcess.js:407:154001)
	at i.<computed>.s.charCodeAt.i.<computed> (file:///c:/Users/rabik/AppData/Local/Programs/Microsoft%20VS%20Code/ce099c1ed2/resources/app/out/vs/workbench/api/node/extensionHostProcess.js:407:150796)
	at Zm._doExecuteCommand (file:///c:/Users/rabik/AppData/Local/Programs/Microsoft%20VS%20Code/ce099c1ed2/resources/app/out/vs/workbench/api/node/extensionHostProcess.js:494:48120)
	at Zm.executeCommand (file:///c:/Users/rabik/AppData/Local/Programs/Microsoft%20VS%20Code/ce099c1ed2/resources/app/out/vs/workbench/api/node/extensionHostProcess.js:494:47567)
	at Object.executeCommand (file:///c:/Users/rabik/AppData/Local/Programs/Microsoft%20VS%20Code/ce099c1ed2/resources/app/out/vs/workbench/api/node/extensionHostProcess.js:608:129144)
	at closeEntirePythagoraExtension (c:\Users\rabik\.vscode\extensions\pythagoratechnologies.pythagora-vs-code-2.6.19\out\extension.js:542:31)
	at Object.deactivate (c:\Users\rabik\.vscode\extensions\pythagoratechnologies.pythagora-vs-code-2.6.19\out\extension.js:409:15)
	at ck._deactivate (file:///c:/Users/rabik/AppData/Local/Programs/Microsoft%20VS%20Code/ce099c1ed2/resources/app/out/vs/workbench/api/node/extensionHostProcess.js:498:14479)
	at file:///c:/Users/rabik/AppData/Local/Programs/Microsoft%20VS%20Code/ce099c1ed2/resources/app/out/vs/workbench/api/node/extensionHostProcess.js:498:12006
	at Array.map (<anonymous>)
	at ck._deactivateAll (file:///c:/Users/rabik/AppData/Local/Programs/Microsoft%20VS%20Code/ce099c1ed2/resources/app/out/vs/workbench/api/node/extensionHostProcess.js:498:11994)
	at ck.terminate (file:///c:/Users/rabik/AppData/Local/Programs/Microsoft%20VS%20Code/ce099c1ed2/resources/app/out/vs/workbench/api/node/extensionHostProcess.js:498:12345)
	at r.terminate (file:///c:/Users/rabik/AppData/Local/Programs/Microsoft%20VS%20Code/ce099c1ed2/resources/app/out/vs/workbench/api/node/extensionHostProcess.js:500:1072)
	at Fs (file:///c:/Users/rabik/AppData/Local/Programs/Microsoft%20VS%20Code/ce099c1ed2/resources/app/out/vs/workbench/api/node/extensionHostProcess.js:800:11700)
	at MessagePortMain.<anonymous> (file:///c:/Users/rabik/AppData/Local/Programs/Microsoft%20VS%20Code/ce099c1ed2/resources/app/out/vs/workbench/api/node/extensionHostProcess.js:800:8122)
	at MessagePortMain.emit (node:events:519:28)
	at MessagePortMain._internalPort.emit (node:electron/js2c/utility_init:2:2959)
Extra context: {
  "message": "Canceled"
}
